tfe_api_token: abc123
tfe_url: https://tfe.example.com
